\BOOKMARK [1][-]{section.1}{\376\377\000b\000l\000o\000g}{}% 1
\BOOKMARK [2][-]{subsection.1.1}{\376\377\000D\000O\000N\000E\000\040\000N\000e\000w\000\040\000P\000C}{section.1}% 2
\BOOKMARK [3][-]{subsubsection.1.1.1}{\376\377\000f\000d\000i\000s\000k\000\040\000-\000l}{subsection.1.1}% 3
\BOOKMARK [3][-]{subsubsection.1.1.2}{\376\377\000/\000e\000t\000c\000/\000f\000s\000t\000a\000b}{subsection.1.1}% 4
\BOOKMARK [3][-]{subsubsection.1.1.3}{\376\377\000L\000i\000v\000e\000\040\000C\000D\000\040\060\156\215\167\122\325\060\157\000\040\000G\000r\000u\000b\000\040\060\147\210\114\060\106}{subsection.1.1}% 5
\BOOKMARK [3][-]{subsubsection.1.1.4}{\376\377\000L\000i\000v\000e\000\040\000C\000D\000\040\060\156\117\134\142\020\060\157\000\040\000c\000h\000r\000o\000o\000t\000\040\164\260\130\203\060\147\210\114\060\106}{subsection.1.1}% 6
\BOOKMARK [2][-]{subsection.1.2}{\376\377\000D\000O\000N\000E\000\040\000a\000w\000e\000s\000o\000m\000e\000\040\000w\000i\000n\000d\000o\000w\000\040\000m\000a\000n\000a\000g\000e\000r}{section.1}% 7
\BOOKMARK [2][-]{subsection.1.3}{\376\377\000D\000O\000N\000E\000\040\000G\000u\000r\000u\000p\000l\000u\000g\000\040\000S\000t\000d\000.}{section.1}% 8
\BOOKMARK [3][-]{subsubsection.1.3.1}{\376\377\116\312\060\152\060\211\000\050\0002\000/\0002\0008\000/\0002\0000\0001\0000\060\176\060\147\000\051\060\001\000J\000T\000A\000G\060\342\060\270\060\345\060\374\060\353\060\114\161\041\145\231\060\156\175\104\060\177\217\274\060\177}{subsection.1.3}% 9
\BOOKMARK [2][-]{subsection.1.4}{\376\377\000D\000O\000N\000E\000\040\000x\000m\000o\000n\000a\000d\000\040\000w\000i\000n\000d\000o\000w\000\040\000m\000a\000n\000a\000g\000e\000r}{section.1}% 10
\BOOKMARK [2][-]{subsection.1.5}{\376\377\000D\000O\000N\000E\000\040\000X\000m\000o\000n\000a\000d\000\040\000f\000o\000r\000\040\000B\000a\000c\000k\000t\000r\000a\000c\000k\0004}{section.1}% 11
\BOOKMARK [2][-]{subsection.1.6}{\376\377\000D\000O\000N\000E\000\040\000U\000S\000B\000\040\000E\000n\000c\000r\000y\000p\000t\000\040\000f\000o\000r\000\040\000B\000a\000c\000k\000t\000r\000a\000c\000k}{section.1}% 12
\BOOKMARK [2][-]{subsection.1.7}{\376\377\000D\000O\000N\000E\000\040\000G\000u\000r\000u\000p\000l\000u\000g\000\040\134\112\060\117\060\176\060\147\060\153\060\204\060\143\060\137\060\123\060\150}{section.1}% 13
\BOOKMARK [3][-]{subsubsection.1.7.1}{\376\377\000g\000u\000r\000u\000p\000l\000u\000g\000\040\060\114\134\112\060\117\122\115\060\153\164\260\130\203\060\222\117\134\060\143\060\146\060\112\060\123\060\106}{subsection.1.7}% 14
\BOOKMARK [3][-]{subsubsection.1.7.2}{\376\377\0001\145\345\166\356}{subsection.1.7}% 15
\BOOKMARK [3][-]{subsubsection.1.7.3}{\376\377\0002\145\345\166\356}{subsection.1.7}% 16
\BOOKMARK [3][-]{subsubsection.1.7.4}{\376\377\0003\145\345\166\356}{subsection.1.7}% 17
\BOOKMARK [3][-]{subsubsection.1.7.5}{\376\377\0004\145\345\166\356}{subsection.1.7}% 18
\BOOKMARK [2][-]{subsection.1.8}{\376\377\000D\000O\000N\000E\000\040\000X\000o\000r\000g}{section.1}% 19
\BOOKMARK [3][-]{subsubsection.1.8.1}{\376\377\000b\000o\000o\000t\000-\000u\000p\000d\000a\000t\000e}{subsection.1.8}% 20
\BOOKMARK [3][-]{subsubsection.1.8.2}{\376\377\000x\000o\000r\000g\000-\0001\000.\0008}{subsection.1.8}% 21
\BOOKMARK [3][-]{subsubsection.1.8.3}{\376\377\000e\000m\000e\000g\000e\000\040\000x\000o\000r\000g\000-\000s\000e\000r\000v\000e\000r}{subsection.1.8}% 22
\BOOKMARK [3][-]{subsubsection.1.8.4}{\376\377\000e\000m\000e\000r\000g\000e\000\040\000u\000d\000e\000v}{subsection.1.8}% 23
\BOOKMARK [3][-]{subsubsection.1.8.5}{\376\377\000u\000d\000e\000v\060\353\060\374\060\353\060\156\217\375\122\240}{subsection.1.8}% 24
\BOOKMARK [2][-]{subsection.1.9}{\376\377\000D\000O\000N\000E\000\040\000G\000u\000r\000u\000p\000l\000u\000g\000\040\000A\000r\000r\000i\000v\000e\000d}{section.1}% 25
\BOOKMARK [3][-]{subsubsection.1.9.1}{\376\377\060\112\060\115\060\176\060\212\060\156\000\040\000f\000i\000r\000s\000t\000\040\000i\000m\000p\000r\000e\000s\000s\000i\000o\000n\000\040\060\150\060\104\060\106\060\123\060\150\060\147\060\001\060\112\121\231\167\037\060\222}{subsection.1.9}% 26
\BOOKMARK [3][-]{subsubsection.1.9.2}{\376\377\000J\000T\000A\000G\000\040\060\334\060\374\060\311\000\040\060\222\176\113\060\116\060\001\000F\000T\000D\000I\000\040\000U\000S\000B\000\040\060\267\060\352\060\242\060\353\060\307\060\320\060\244\060\271\000\050\117\213\060\147\060\157\000t\000t\000y\000U\000S\000B\0000\000\051\060\222\170\272\212\215\060\127\060\137\060\211}{subsection.1.9}% 27
